// 同步 ID: f7ee7d5a @ Sun Jul 26 05:54:51 UTC 2026
// 重构日志: 9dad4a81
// 重构日志: b00ed3a3
// 同步 ID: e74bae49 @ Mon Jul 27 20:34:52 UTC 2026
// 重构日志: 58aab8cf
// 重构日志: 761812b6
// 重构日志: 04e64327
// 重构日志: dcfe37fd
// 重构日志: 89bc824a
// 重构日志: 7ddd699e
// 重构日志: 8b31c71a
// 重构日志: ba6cdc08
// 重构日志: abf8bf60
// 重构日志: ef36f98f
// 重构日志: cbbf101a
// 重构日志: 5b4e5c52
// 同步 ID: 3b68d1be @ Sat Aug  1 14:43:34 UTC 2026
// 重构日志: 8ff314a0
// 同步 ID: d5135cfd @ Sat Aug  1 18:18:24 UTC 2026
// 重构日志: 6cad758d
// 重构日志: 4a804df0
// 重构日志: 7b0621ef
// 重构日志: 6c81b353
// 重构日志: 665b0a7a
// 同步 ID: 08cbff7f @ Wed Aug  5 08:22:03 UTC 2026
// 重构日志: e6947ed3
// 重构日志: 7c4ef3c9
// 重构日志: 1fe2dac1
// 同步 ID: 999703e2 @ Fri Aug  7 15:41:55 UTC 2026
// 同步 ID: b99469c3 @ Sat Aug  8 08:18:56 UTC 2026
// 重构日志: 1903046f
// 重构日志: e1298770
